[0.205298,0.687399]
[0.776788,0.402478]
[0.532487,0.101474]
[0.635151,0.349376]
[0.722648,0.027192]
[0.669332,0.205206]
[0.0269173,0.939665]
[0.45204,0.516037]
[0.665914,0.846553]
[0.718711,0.21131]
[0.9129,0.188635]
[0.0592975,0.31962]
[0.167669,0.675497]
[0.584643,0.91699]
[0.364116,0.525529]
[1,1] ( [1,1] ( [0.635151,0.349376] ( [0.167669,0.675497] , [0.718711,0.21131] , [0.0269173,0.939665] ) , [0.584643,0.91699] ( [0.364116,0.525529] ) , [0.0592975,0.31962] , [0.45204,0.516037] ( [0.9129,0.188635] , [0.665914,0.846553] ) , [0.205298,0.687399] ) , [0.776788,0.402478] ( [0.722648,0.027192] , [0.532487,0.101474] ) )
[1,1]p ( [1,1]p ( [0.167669,0.675497]p , [0.718711,0.21131]p , [0.0269173,0.939665]p , [0.635151,0.349376]p , [0.205298,0.687399]p ) , [0.584643,0.91699]p ( [0.364116,0.525529]p ) , [0.0592975,0.31962]p , [0.45204,0.516037]p ( [0.9129,0.188635]p , [0.665914,0.846553]p ) , [0.776788,0.402478]p ( [0.722648,0.027192]p , [0.532487,0.101474]p ) )
