<racine>
data bla bla bla
</racine>
----------------
<racine>
</racine>
----------------
<racine>
<fille>
<petiteFille>
<arrieerPetiteFille>
data bla bla bla
</arrieerPetiteFille>
</petiteFille>
</fille>
</racine>
----------------
<racine>
<fille>
<petiteFille>
<arrierePetiteFille>
</arrierePetiteFille>
</petiteFille>
</fille>
</racine>
----------------
<racine>
<fille>
<petiteFille>
</petiteFille>
<petiteFilleAutre>
</petiteFilleAutre>
</fille>
</racine>
----------------
<racine>
<fille>
<petiteFille>
BBBB ! : , b fg
</petiteFille>
<petiteFilleAutre>
34567890  LKJHGFDS
</petiteFilleAutre>
</fille>
</racine>
----------------
<racine>
<fille1>
<petitefille11>
<a>
essai
</a>
<b>
</b>
<c>
</c>
</petitefille11>
<petitefille21>
<a>
essai
</a>
<b>
<a>
essai
</a>
</b>
<c>
</c>
</petitefille21>
<petitefille12>
</petitefille12>
</fille1>
<fille2>
<petitefille21>
<petitepetitefille211>
<a>
essai
</a>
<a>
essai
</a>
<a>
essai
</a>
</petitepetitefille211>
</petitefille21>
</fille2>
</racine>
----------------
